// Jest Snapshot v1, https://goo.gl/fbAQLP

exports[`<CreateReference /> should render 1`] = `
<form
  onSubmit={[Function]}
>
  <Alert>
    <strong>
      Create an empty reference.
    </strong>
  </Alert>
  <ReferenceForm
    description=""
    errorName=""
    mode="create"
    name=""
    onChange={[Function]}
    organism=""
  />
  <DataTypeSelection
    dataType="genome"
    onSelect={[Function]}
  />
  <Button
    color="blue"
    disabled={false}
    icon="save"
    tipPlacement="top"
    type="submit"
  >
    Save
  </Button>
</form>
`;
